select * from dbgen(0.5);
   tab    | row_count 
----------+-----------
 region   |         5
 nation   |        25
 supplier |      5000
 customer |     75000
 part     |    100000
 partsupp |    400000
 orders   |    750000
 lineitem |   2999671
(8 rows)

-- select * from tpch;
-- select * from tpch;
-- select * from tpch(1,1,1);
-- select * from tpch(2,2,2);
