select tpch_cleanup();
 tpch_cleanup 
--------------
 t
(1 row)

select * from dbgen(0.03);
   tab    | row_count 
----------+-----------
 region   |         5
 nation   |        25
 supplier |       300
 customer |      4500
 part     |      6000
 partsupp |     24000
 orders   |     45000
 lineitem |    180566
(8 rows)

-- select * from tpch;
-- select * from tpch;
-- select * from tpch(1,1,1);
-- select * from tpch(2,2,2);
